// Jest Snapshot v1, https://goo.gl/fbAQLP

exports[`prepublish-only valid 1`] = `
"\\"use strict\\";

Object.defineProperty(exports, \\"__esModule\\", {
  value: true
});
exports.default = void 0;
var _default = 1;
exports.default = _default;
module.exports = exports.default;"
`;
